// Jest Snapshot v1, https://goo.gl/fbAQLP

exports[`renders without crashing when no arguments 1`] = `
<div
  className="MuiPaper-root MuiPaper-elevation1 body-summary MuiPaper-rounded"
>
  
  <div
    className="summary-addressContainer"
  >
    <p>
      Address:
    </p>
    
  </div>
  <div
    className="summary-balanceContainer"
  >
    <p>
      Balance:
    </p>
    
  </div>
</div>
`;
